## SLURM PROLOG ###############################################################
##    Job ID : 5393756
##  Job Name : pilot_pc_scgpt
##  Nodelist : gpu1506
##      CPUs : 4
##  Mem/Node : 65536 MB
## Directory : /oscar/data/rsingh47/fperalta/scfm-fairness
##   Job Started : Thu Aug 27 06:21:17 AM EDT 2026
###############################################################################
=== scGPT per-cell-type: crc ===
/users/fperalta/.conda/envs/scgpt310/lib/python3.9/site-packages/scgpt/model/model.py:21: UserWarning: flash_attn is not installed
  warnings.warn("flash_attn is not installed")
/users/fperalta/.conda/envs/scgpt310/lib/python3.9/site-packages/scgpt/model/multiomic_model.py:19: UserWarning: flash_attn is not installed
  warnings.warn("flash_attn is not installed")
scGPT - INFO - Normalizing total counts ...
scGPT - INFO - Log1p transforming ...
scGPT - INFO - Subsetting highly variable genes ...
scGPT - WARNING - No batch_key is provided, will use all cells for HVG selection.
scGPT - INFO - Binning data ...
gene space: 1200 HVGs (seq len 1201)
scGPT - INFO - Normalizing total counts ...
scGPT - INFO - Log1p transforming ...
scGPT - INFO - Binning data ...
eval: keep 8,572/8,572 in label space
  P: MISSING /oscar/scratch/fperalta/pilot_repair/runs_scgpt/crc/P/best_model.pt, skipping
  B: MISSING /oscar/scratch/fperalta/pilot_repair/runs_scgpt/crc/B/best_model.pt, skipping
  P2BA: MISSING /oscar/scratch/fperalta/pilot_repair/runs_scgpt/crc/P2BA/best_model.pt, skipping
  P2BU: MISSING /oscar/scratch/fperalta/pilot_repair/runs_scgpt/crc/P2BU/best_model.pt, skipping
  P2DS: MISSING /oscar/scratch/fperalta/pilot_repair/runs_scgpt/crc/P2DS/best_model.pt, skipping
WROTE /oscar/scratch/fperalta/pilot_repair/perclass_scgpt_crc.csv
=== scGPT per-cell-type: aida ===
/users/fperalta/.conda/envs/scgpt310/lib/python3.9/site-packages/scgpt/model/model.py:21: UserWarning: flash_attn is not installed
  warnings.warn("flash_attn is not installed")
/users/fperalta/.conda/envs/scgpt310/lib/python3.9/site-packages/scgpt/model/multiomic_model.py:19: UserWarning: flash_attn is not installed
  warnings.warn("flash_attn is not installed")
scGPT - INFO - Normalizing total counts ...
scGPT - INFO - Log1p transforming ...
scGPT - INFO - Subsetting highly variable genes ...
scGPT - WARNING - No batch_key is provided, will use all cells for HVG selection.
scGPT - INFO - Binning data ...
gene space: 1200 HVGs (seq len 1201)
scGPT - INFO - Normalizing total counts ...
scGPT - INFO - Log1p transforming ...
scGPT - INFO - Binning data ...
eval: keep 12,500/12,500 in label space
/users/fperalta/.conda/envs/scgpt310/lib/python3.9/site-packages/torch/nn/modules/transformer.py:380: UserWarning: The PyTorch API of nested tensors is in prototype stage and will change in the near future. (Triggered internally at ../aten/src/ATen/NestedTensorImpl.cpp:178.)
  output = torch._nested_tensor_from_mask(output, src_key_padding_mask.logical_not(), mask_check=False)
aida P: 25/32 cell types ever predicted; worst = CD4-positive, alpha-beta T cell acc 0.000 (n=361)
aida B: 25/32 cell types ever predicted; worst = CD141-positive myeloid dendritic cell acc 0.000 (n=5)
aida P2BA: 22/32 cell types ever predicted; worst = CD4-positive, alpha-beta T cell acc 0.000 (n=361)
aida P2BU: 24/32 cell types ever predicted; worst = CD141-positive myeloid dendritic cell acc 0.000 (n=5)
aida P2DS: 22/32 cell types ever predicted; worst = CD141-positive myeloid dendritic cell acc 0.000 (n=5)
WROTE /oscar/scratch/fperalta/pilot_repair/perclass_scgpt_aida.csv
=== scGPT per-cell-type: ild ===
/users/fperalta/.conda/envs/scgpt310/lib/python3.9/site-packages/scgpt/model/model.py:21: UserWarning: flash_attn is not installed
  warnings.warn("flash_attn is not installed")
/users/fperalta/.conda/envs/scgpt310/lib/python3.9/site-packages/scgpt/model/multiomic_model.py:19: UserWarning: flash_attn is not installed
  warnings.warn("flash_attn is not installed")
scGPT - INFO - Normalizing total counts ...
scGPT - INFO - Log1p transforming ...
scGPT - INFO - Subsetting highly variable genes ...
scGPT - WARNING - No batch_key is provided, will use all cells for HVG selection.
scGPT - INFO - Binning data ...
gene space: 1200 HVGs (seq len 1201)
scGPT - INFO - Normalizing total counts ...
scGPT - INFO - Log1p transforming ...
scGPT - INFO - Binning data ...
eval: keep 12,498/12,500 in label space
  P: MISSING /oscar/scratch/fperalta/pilot_repair/runs_scgpt/ild/P/best_model.pt, skipping
  B: MISSING /oscar/scratch/fperalta/pilot_repair/runs_scgpt/ild/B/best_model.pt, skipping
  P2BA: MISSING /oscar/scratch/fperalta/pilot_repair/runs_scgpt/ild/P2BA/best_model.pt, skipping
  P2BU: MISSING /oscar/scratch/fperalta/pilot_repair/runs_scgpt/ild/P2BU/best_model.pt, skipping
  P2DS: MISSING /oscar/scratch/fperalta/pilot_repair/runs_scgpt/ild/P2DS/best_model.pt, skipping
WROTE /oscar/scratch/fperalta/pilot_repair/perclass_scgpt_ild.csv
SCGPT PERCLASS COMPLETE
